
 Start  Stop   Length Name               Class

 00000H 00348H 00349H ESTO               CODE
 00350H 004ABH 0015CH TELA               CODE
 004B0H 00E05H 00956H MENU               CODE
 00E10H 01B14H 00D05H INCLUI             CODE
 01B20H 0223DH 0071EH CADESC             CODE
 02240H 02CECH 00AADH MOVIME             CODE
 02CF0H 034EDH 007FEH IMPRI              CODE
 034F0H 03A27H 00538H CONSUL             CODE
 03A30H 03D75H 00346H EXCLUI             CODE
 03D80H 0405CH 002DDH UTIL               CODE
 04060H 0425BH 001FCH MANUTSEN           CODE
 04260H 044F5H 00296H ESPACO             CODE
 04500H 04666H 00167H RODADOS            CODE
 04670H 04807H 00198H COPSEG             CODE
 04810H 04B6DH 0035EH COPARQ             CODE
 04B70H 04D2BH 001BCH SEGURAN            CODE
 04D30H 04FD1H 002A2H IMP_COD            CODE
 04FE0H 0521CH 0023DH IMP_ESC            CODE
 05220H 059CDH 007AEH HELP               CODE
 059D0H 05A03H 00034H EDIT               CODE
 05A10H 05BF7H 001E8H TABELA             CODE
 05C00H 05C9FH 000A0H FUNCAO             CODE
 05CA0H 05CFBH 0005CH CENTRA             CODE
 05D00H 05D53H 00054H SENHA_INV          CODE
 05D60H 06279H 0051AH EDITA              CODE
 06280H 06820H 005A1H EDITAR             CODE
 06821H 07631H 00E11H DRIVERS_TEXT       CODE
 07632H 07B8EH 0055DH ASUPPORT_TEXT      CODE
 07B90H 07D09H 0017AH ALLOC_TEXT         CODE
 07D0AH 07E0FH 00106H NET_TEXT           CODE
 07E10H 080C9H 002BAH FILESYS_TEXT       CODE
 080CAH 09395H 012CCH ERRSYS_TEXT        CODE
 09396H 0AD5DH 019C8H MAIN_TEXT          CODE
 0AD5EH 0C0E1H 01384H STACK_TEXT         CODE
 0C0E2H 0DB81H 01AA0H OPS_TEXT           CODE
 0DB82H 12BD1H 05050H DB_TEXT            CODE
 12BD2H 13187H 005B6H DBSDF_TEXT         CODE
 13188H 1342BH 002A4H DBMEMO_TEXT        CODE
 1342CH 13A2DH 00602H SYMSYS_TEXT        CODE
 13A2EH 13FCDH 005A0H MEMSYS_TEXT        CODE
 13FCEH 14963H 00996H SET_TEXT           CODE
 14964H 15BB1H 0124EH REEF_TEXT          CODE
 15BB2H 1636BH 007BAH DISKIO_TEXT        CODE
 1636CH 18A0DH 026A2H NTX_TEXT           CODE
 18A0EH 198B3H 00EA6H ICREATE_TEXT       CODE
 198B4H 1BBDFH 0232CH MACRO_TEXT         CODE
 1BBE0H 2054FH 04970H TERM_TEXT          CODE
 20550H 207DEH 0028FH NATION_TEXT        CODE
 207E0H 21D9FH 015C0H CSUPPORT_TEXT      CODE
 21DA0H 2262BH 0088CH SORT_TEXT          CODE
 2262CH 231A9H 00B7EH SORTOF_TEXT        CODE
 231AAH 237EBH 00642H EXTEND_TEXT        CODE
 237ECH 237F9H 0000EH NDEBUG_TEXT        CODE
 237FAH 24750H 00F57H PLANKTON_TEXT      CODE
 24752H 24752H 00000H ALGAE_TEXT         CODE
 24752H 2476CH 0001BH SEGJUNK_TEXT       CODE
 24770H 24799H 0002AH ERRORSYS           CODE
 247A0H 2482CH 0008DH EXPR_ERROR         CODE
 24830H 248BDH 0008EH UNDEF_ERRO         CODE
 248C0H 24940H 00081H MISC_ERROR         CODE
 24950H 24A6BH 0011CH OPEN_ERROR         CODE
 24A70H 24AECH 0007DH DB_ERROR           CODE
 24AF0H 24BCBH 000DCH PRINT_ERRO         CODE
 24BCCH 27D4EH 03183H _TEXT              CODE
 27D50H 27D95H 00046H PAD                CODE
 27D96H 28221H 0048CH DVC_TEXT           CODE
 28222H 2AFF7H 02DD6H DBEDIT_TEXT        CODE
 2AFF8H 2B107H 00110H ALLTRIM_TEXT       CODE
 2B108H 2B49BH 00394H SAVEREST_TEXT      CODE
 2B49CH 2BA17H 0057CH EXAMPLEC_TEXT      CODE
 2BA20H 2BA43H 00024H EXAMPLEP           CODE
 2BA50H 2BC75H 00226H BROWSE             CODE
 2BC80H 2C193H 00514H XBROWSE            CODE
 2C1A0H 2C2EAH 0014BH STATLINE           CODE
 2C2F0H 2C3EFH 00100H GET_PIC            CODE
 2C3F0H 2C42FH 00040H CLEAR_GETS         CODE
 2C430H 2C4AFH 00080H AMPM               CODE
 2C4B0H 2C59DH 000EEH STRZERO            CODE
 2C5A0H 2C5E4H 00045H DAYS               CODE
 2C5F0H 2C61BH 0002CH DBF                CODE
 2C620H 2C68EH 0006FH ELAPTIME           CODE
 2C690H 2C6E4H 00055H FKLABEL            CODE
 2C6F0H 2C71DH 0002EH FKMAX              CODE
 2C720H 2C75AH 0003BH LENNUM             CODE
 2C760H 2C7D4H 00075H MOD                CODE
 2C7E0H 2C816H 00037H OS                 CODE
 2C820H 2C97AH 0015BH READKEY            CODE
 2C980H 2C9D2H 00053H SECS               CODE
 2C9E0H 2CA73H 00094H TSTRING            CODE
 2CA80H 2CAC0H 00041H VERSION            CODE
 2CAC1H 2CEA1H 003E1H EXAMPLEA_TEXT      CODE
 2CEA2H 2CEA2H 00000H C_ETEXT            ENDCODE
 2CEB0H 2CEB0H 00000H _SYMSTART          SYMSTART
 2CEB0H 2D8CFH 00A20H SYMBOLS            SYMBOLS
 2D8D0H 2D9DFH 00110H SYMBOLS            SYMBOLS
 2D9E0H 2DDBFH 003E0H SYMBOLS            SYMBOLS
 2DDC0H 2DDC0H 00000H _SYMEND            SYMEND
 2DDC0H 2DDC0H 00000H _FAR_DATA          FAR_DATA
 2DDC0H 2DDC0H 00000H _FAR_BSS           FAR_BSS
 2DDC0H 2DE0FH 00050H NULL               BEGDATA
 2DE10H 30AB7H 02CA8H _DATA              DATA
 30AC0H 30E7FH 003C0H $LIB_TABLE         DATA
 30E80H 30E8DH 0000EH CDATA              DATA
 30E8EH 30E8EH 00000H XIFB               DATA
 30E8EH 30E8EH 00000H XIF                DATA
 30E8EH 30E8EH 00000H XIFE               DATA
 30E8EH 30E8EH 00000H XIB                DATA
 30E8EH 30E8EH 00000H XI                 DATA
 30E8EH 30E8EH 00000H XIE                DATA
 30E8EH 30E8EH 00000H XPB                DATA
 30E8EH 30E8EH 00000H XP                 DATA
 30E8EH 30E8EH 00000H XPE                DATA
 30E8EH 30E8EH 00000H XCB                DATA
 30E8EH 30E8EH 00000H XC                 DATA
 30E8EH 30E8EH 00000H XCE                DATA
 30E8EH 30E8EH 00000H XCFB               DATA
 30E8EH 30E8EH 00000H XCF                DATA
 30E8EH 30E8EH 00000H XCFE               DATA
 30E8EH 30E8EH 00000H _CONST             CONST
 30E8EH 313E4H 00557H CONST              CONST
 313E5H 313E5H 00000H _MSG               MSG
 313E5H 3155AH 00176H MSG                MSG
 3155BH 31562H 00008H HDR                MSG
 31563H 31589H 00027H PAD                MSG
 3158AH 3158AH 00001H EPAD               MSG
 3158CH 3158FH 00004H _BEGBSS            BEGBSS
 31590H 31590H 00000H _BSS               BSS
 31590H 31590H 00000H XOB                BSS
 31590H 31590H 00000H XO                 BSS
 31590H 31590H 00000H XOE                BSS
 31590H 31590H 00000H _ENDBSS            ENDBSS
 31590H 31D8FH 00800H STACK              STACK

Program entry point at 24BC:000C

